============================================================
Host    : localhost.localdomain
Date    : Tue Jun  2 19:16:55 CST 2026
CWD     : /home/parco2026_2300010750/parco2026/HW3/parco2026_hw3
nvcc    : /share/software/cuda-12.4/bin/nvcc
Build cuda_12.4.r12.4/compiler.34097967_0
------------------------------------------------------------
Tue Jun  2 19:16:56 2026       
+-----------------------------------------------------------------------------------------+
| NVIDIA-SMI 550.127.05             Driver Version: 550.127.05     CUDA Version: 12.4     |
|-----------------------------------------+------------------------+----------------------+
| GPU  Name                 Persistence-M | Bus-Id          Disp.A | Volatile Uncorr. ECC |
| Fan  Temp   Perf          Pwr:Usage/Cap |           Memory-Usage | GPU-Util  Compute M. |
|                                         |                        |               MIG M. |
|=========================================+========================+======================|
|   0  NVIDIA GeForce RTX 2080 Ti     Off |   00000000:3B:00.0 Off |                  N/A |
| 37%   46C    P0             41W /  250W |       1MiB /  11264MiB |      0%      Default |
|                                         |                        |                  N/A |
+-----------------------------------------+------------------------+----------------------+
                                                                                         
+-----------------------------------------------------------------------------------------+
| Processes:                                                                              |
|  GPU   GI   CI        PID   Type   Process name                              GPU Memory |
|        ID   ID                                                               Usage      |
|=========================================================================================|
|  No running processes found                                                             |
+-----------------------------------------------------------------------------------------+
============================================================
rm -f serial parallel *.o
g++ -std=c++11 -O2 -o serial serial.cpp
nvcc -std=c++11 -O3 -o parallel parallel.cu

=================  Case S  (N = 32)  =================
Executing serial prefix sum with N = 32
Serial compute time: 0.000177 ms
Wrote result to scan_N32.txt
y = 13 43 90 154 235 333 448 580 729 895 1078 1278 1495 1729 1980 2248 2533 2835 3154 3490 3843 4213 4600 5004 5425 5863 6318 6790 7279 7785 8308 8848
Executing CUDA prefix sum with N = 32
GPU: NVIDIA GeForce RTX 2080 Ti (CC 7.5)
BLOCK_SIZE = 256, ELEMENTS_PER_BLOCK = 512
CUDA scan (kernels only): 0.07152 ms
CUDA total (gen+scan+D2H): 0.836096 ms
Wrote result to scan_N32.txt
y = 13 43 90 154 235 333 448 580 729 895 1078 1278 1495 1729 1980 2248 2533 2835 3154 3490 3843 4213 4600 5004 5425 5863 6318 6790 7279 7785 8308 8848
PASS: all 32 elements match the reference prefix sum.
      y[0] = 13, y[-1] = 8848

=================  Case M  (N = 1000003)  =================
Executing serial prefix sum with N = 1000003
Serial compute time: 4.15517 ms
Wrote result to scan_N1000003.txt
Executing CUDA prefix sum with N = 1000003
GPU: NVIDIA GeForce RTX 2080 Ti (CC 7.5)
BLOCK_SIZE = 256, ELEMENTS_PER_BLOCK = 512
CUDA scan (kernels only): 0.58336 ms
CUDA total (gen+scan+D2H): 10.6643 ms
Wrote result to scan_N1000003.txt
PASS: all 1000003 elements match the reference prefix sum.
      y[0] = 13, y[-1] = 499500090

================  Case L  (N = 8388608)  ================
[Serial] running 51 timed iterations...
Serial run  1: 24.2518 ms
Serial run  2: 36.2669 ms
Serial run  3: 13.3472 ms
Serial run  4: 14.7479 ms
Serial run  5: 31.1107 ms
Serial run  6: 33.7911 ms
Serial run  7: 12.9175 ms
Serial run  8: 19.7372 ms
Serial run  9: 31.4802 ms
Serial run 10: 33.4803 ms
Serial run 11: 14.9544 ms
Serial run 12: 13.581 ms
Serial run 13: 18.2143 ms
Serial run 14: 37.6568 ms
Serial run 15: 36.0821 ms
Serial run 16: 13.8226 ms
Serial run 17: 14.9256 ms
Serial run 18: 13.5499 ms
Serial run 19: 37.2964 ms
Serial run 20: 22.1578 ms
Serial run 21: 35.7105 ms
Serial run 22: 35.6165 ms
Serial run 23: 35.0369 ms
Serial run 24: 32.5522 ms
Serial run 25: 14.1526 ms
Serial run 26: 32.0763 ms
Serial run 27: 34.5256 ms
Serial run 28: 36.5062 ms
Serial run 29: 19.5655 ms
Serial run 30: 32.5091 ms
Serial run 31: 33.3818 ms
Serial run 32: 34.0308 ms
Serial run 33: 34.7623 ms
Serial run 34: 15.076 ms
Serial run 35: 34.5249 ms
Serial run 36: 36.588 ms
Serial run 37: 15.646 ms
Serial run 38: 32.3261 ms
Serial run 39: 35.4555 ms
Serial run 40: 23.0441 ms
Serial run 41: 40.1893 ms
Serial run 42: 34.4829 ms
Serial run 43: 33.0219 ms
Serial run 44: 14.0235 ms
Serial run 45: 34.1614 ms
Serial run 46: 20.2933 ms
Serial run 47: 15.0267 ms
Serial run 48: 25.2392 ms
Serial run 49: 34.2555 ms
Serial run 50: 34.518 ms
Serial run 51: 26.1538 ms
PASS: all 8388608 elements match the reference prefix sum.
      y[0] = 13, y[-1] = 4190102880
[Parallel] warmup + 51 timed iterations...
CUDA run  1: scan=1.03664 ms, total=52.7134 ms
CUDA run  2: scan=1.25747 ms, total=35.7852 ms
CUDA run  3: scan=0.988224 ms, total=33.1612 ms
CUDA run  4: scan=1.01802 ms, total=38.0933 ms
CUDA run  5: scan=1.1855 ms, total=55.5995 ms
CUDA run  6: scan=1.14464 ms, total=46.5463 ms
CUDA run  7: scan=0.986816 ms, total=41.4522 ms
CUDA run  8: scan=1.27168 ms, total=76.3561 ms
CUDA run  9: scan=1.32922 ms, total=72.8656 ms
CUDA run 10: scan=1.45686 ms, total=74.6281 ms
CUDA run 11: scan=2.16509 ms, total=50.2748 ms
CUDA run 12: scan=0.984832 ms, total=73.2537 ms
CUDA run 13: scan=1.30458 ms, total=70.7797 ms
CUDA run 14: scan=0.999104 ms, total=68.8528 ms
CUDA run 15: scan=1.35034 ms, total=74.5484 ms
CUDA run 16: scan=1.30662 ms, total=73.298 ms
CUDA run 17: scan=1.32266 ms, total=74.0857 ms
CUDA run 18: scan=0.999872 ms, total=50.7497 ms
CUDA run 19: scan=1.38138 ms, total=74.105 ms
CUDA run 20: scan=1.72646 ms, total=53.0865 ms
CUDA run 21: scan=1.24826 ms, total=37.7547 ms
CUDA run 22: scan=1.21856 ms, total=74.0527 ms
CUDA run 23: scan=1.29142 ms, total=59.9998 ms
CUDA run 24: scan=1.29254 ms, total=72.7746 ms
CUDA run 25: scan=0.996544 ms, total=33.4316 ms
CUDA run 26: scan=1.30867 ms, total=38.1238 ms
CUDA run 27: scan=0.996128 ms, total=42.0241 ms
CUDA run 28: scan=1.0023 ms, total=57.3677 ms
CUDA run 29: scan=1.21021 ms, total=33.9197 ms
CUDA run 30: scan=1.00947 ms, total=33.5787 ms
CUDA run 31: scan=1.60006 ms, total=82.1582 ms
CUDA run 32: scan=1.26195 ms, total=73.7773 ms
CUDA run 33: scan=1.07725 ms, total=33.5015 ms
CUDA run 34: scan=1.0951 ms, total=41.9768 ms
CUDA run 35: scan=1.35987 ms, total=75.2928 ms
CUDA run 36: scan=1.30419 ms, total=75.5647 ms
CUDA run 37: scan=1.13325 ms, total=58.2187 ms
CUDA run 38: scan=0.974848 ms, total=33.1412 ms
CUDA run 39: scan=1.26771 ms, total=73.8121 ms
CUDA run 40: scan=1.05574 ms, total=73.4311 ms
CUDA run 41: scan=1.30205 ms, total=72.8457 ms
CUDA run 42: scan=1.40902 ms, total=74.1434 ms
CUDA run 43: scan=0.982144 ms, total=33.4932 ms
CUDA run 44: scan=1.22397 ms, total=72.9242 ms
CUDA run 45: scan=1.1225 ms, total=41.8195 ms
CUDA run 46: scan=1.37859 ms, total=71.9471 ms
CUDA run 47: scan=1.03094 ms, total=36.8181 ms
CUDA run 48: scan=1.3183 ms, total=72.1724 ms
CUDA run 49: scan=1.20154 ms, total=69.8988 ms
CUDA run 50: scan=1.28832 ms, total=52.2822 ms
CUDA run 51: scan=0.974144 ms, total=32.9992 ms
PASS: all 8388608 elements match the reference prefix sum.
      y[0] = 13, y[-1] = 4190102880

================  Case L summary (N = 8388608, 51 runs)  ================
Serial      : median = 32.3261 ms   [min 12.9175, max 40.1893]
CUDA scan   : median = 1.22397 ms   [min 0.974144, max 2.16509]
CUDA total  : median = 58.2187 ms
Speedup (scan only) : 26.41x
Speedup (incl. D2H) : 0.56x
Done.
