=== node:    localhost.localdomain
=== date:    Fri Jun  5 17:19:34 CST 2026
=== nproc:   72
=== nvcc:    /share/software/cuda-12.4/bin/nvcc
Build cuda_12.4.r12.4/compiler.34097967_0
Fri Jun  5 17:19:35 2026       
+-----------------------------------------------------------------------------------------+
| NVIDIA-SMI 550.127.05             Driver Version: 550.127.05     CUDA Version: 12.4     |
|-----------------------------------------+------------------------+----------------------+
| GPU  Name                 Persistence-M | Bus-Id          Disp.A | Volatile Uncorr. ECC |
| Fan  Temp   Perf          Pwr:Usage/Cap |           Memory-Usage | GPU-Util  Compute M. |
|                                         |                        |               MIG M. |
|=========================================+========================+======================|
|   0  NVIDIA GeForce RTX 2080 Ti     Off |   00000000:3B:00.0 Off |                  N/A |
| 36%   47C    P0             41W /  250W |       1MiB /  11264MiB |      0%      Default |
|                                         |                        |                  N/A |
+-----------------------------------------+------------------------+----------------------+
                                                                                         
+-----------------------------------------------------------------------------------------+
| Processes:                                                                              |
|  GPU   GI   CI        PID   Type   Process name                              GPU Memory |
|        ID   ID                                                               Usage      |
|=========================================================================================|
|  No running processes found                                                             |
+-----------------------------------------------------------------------------------------+

rm -f serial parallel_mpi parallel_cuda *.o life_N*_T*.txt
g++ -std=c++11 -O2 -o serial serial.cpp
mpicxx -std=c++11 -O3 -o parallel_mpi parallel_mpi.cpp
nvcc -std=c++11 -O3 -arch=sm_60 -o parallel_cuda parallel_cuda.cu

==== Case S serial  (N=16, T=4) ====
Executing serial Game of Life with N = 16, T = 4
Serial compute time: 0.093348 ms
Wrote result to life_N16_T4.txt
0 1 1 0 0 0 0 0 0 0 0 0 0 0 0 0
1 0 1 0 0 0 0 0 0 0 0 0 0 0 0 0
0 0 0 0 0 0 0 0 0 0 0 0 0 0 1 1
0 0 1 0 0 0 0 0 0 0 0 0 0 1 0 0
1 0 0 1 0 0 0 0 0 0 0 0 0 1 0 0
1 1 0 1 0 0 0 0 0 0 0 0 0 0 1 1
0 1 0 0 0 0 0 0 0 0 0 0 0 0 1 0
1 1 0 0 0 0 0 0 0 0 0 0 0 0 0 0
1 1 0 0 0 0 0 0 0 0 0 0 0 0 1 0
1 1 0 0 0 0 0 0 0 0 0 0 0 0 1 1
0 0 0 0 0 0 0 0 0 0 0 0 0 0 1 1
0 0 0 0 0 0 0 0 0 0 0 0 0 0 1 1
0 1 0 1 0 0 0 0 0 0 0 0 0 0 0 0
1 0 1 1 0 0 0 0 0 0 0 0 0 0 0 0
1 0 1 0 0 0 0 0 0 0 0 0 0 0 0 0
0 1 0 0 0 0 0 0 0 0 0 0 0 0 0 0
PASS: final grid matches the reference for N=16, T=4.
      live cells = 39

==== Case S MPI -np 4  (N=16, T=4) ====
Executing MPI Game of Life with N = 16, T = 4, P = 4
MPI compute time: 0.040199 ms
Wrote result to life_N16_T4.txt
0 1 1 0 0 0 0 0 0 0 0 0 0 0 0 0
1 0 1 0 0 0 0 0 0 0 0 0 0 0 0 0
0 0 0 0 0 0 0 0 0 0 0 0 0 0 1 1
0 0 1 0 0 0 0 0 0 0 0 0 0 1 0 0
1 0 0 1 0 0 0 0 0 0 0 0 0 1 0 0
1 1 0 1 0 0 0 0 0 0 0 0 0 0 1 1
0 1 0 0 0 0 0 0 0 0 0 0 0 0 1 0
1 1 0 0 0 0 0 0 0 0 0 0 0 0 0 0
1 1 0 0 0 0 0 0 0 0 0 0 0 0 1 0
1 1 0 0 0 0 0 0 0 0 0 0 0 0 1 1
0 0 0 0 0 0 0 0 0 0 0 0 0 0 1 1
0 0 0 0 0 0 0 0 0 0 0 0 0 0 1 1
0 1 0 1 0 0 0 0 0 0 0 0 0 0 0 0
1 0 1 1 0 0 0 0 0 0 0 0 0 0 0 0
1 0 1 0 0 0 0 0 0 0 0 0 0 0 0 0
0 1 0 0 0 0 0 0 0 0 0 0 0 0 0 0
PASS: final grid matches the reference for N=16, T=4.
      live cells = 39

==== Case S CUDA  (N=16, T=4) ====
Executing CUDA Game of Life with N = 16, T = 4
CUDA compute time: 0.023076 ms
Wrote result to life_N16_T4.txt
0 1 1 0 0 0 0 0 0 0 0 0 0 0 0 0
1 0 1 0 0 0 0 0 0 0 0 0 0 0 0 0
0 0 0 0 0 0 0 0 0 0 0 0 0 0 1 1
0 0 1 0 0 0 0 0 0 0 0 0 0 1 0 0
1 0 0 1 0 0 0 0 0 0 0 0 0 1 0 0
1 1 0 1 0 0 0 0 0 0 0 0 0 0 1 1
0 1 0 0 0 0 0 0 0 0 0 0 0 0 1 0
1 1 0 0 0 0 0 0 0 0 0 0 0 0 0 0
1 1 0 0 0 0 0 0 0 0 0 0 0 0 1 0
1 1 0 0 0 0 0 0 0 0 0 0 0 0 1 1
0 0 0 0 0 0 0 0 0 0 0 0 0 0 1 1
0 0 0 0 0 0 0 0 0 0 0 0 0 0 1 1
0 1 0 1 0 0 0 0 0 0 0 0 0 0 0 0
1 0 1 1 0 0 0 0 0 0 0 0 0 0 0 0
1 0 1 0 0 0 0 0 0 0 0 0 0 0 0 0
0 1 0 0 0 0 0 0 0 0 0 0 0 0 0 0
PASS: final grid matches the reference for N=16, T=4.
      live cells = 39

==== Case M serial  (N=257, T=100) ====
Executing serial Game of Life with N = 257, T = 100
Serial compute time: 164.247 ms
Wrote result to life_N257_T100.txt
PASS: final grid matches the reference for N=257, T=100.
      live cells = 155

==== Case M MPI -np 4  (N=257, T=100) ====
Executing MPI Game of Life with N = 257, T = 100, P = 4
MPI compute time: 5.45358 ms
Wrote result to life_N257_T100.txt
PASS: final grid matches the reference for N=257, T=100.
      live cells = 155

==== Case M CUDA  (N=257, T=100) ====
Executing CUDA Game of Life with N = 257, T = 100
CUDA compute time: 0.341055 ms
Wrote result to life_N257_T100.txt
PASS: final grid matches the reference for N=257, T=100.
      live cells = 155

==== Case L benchmark (raw timings, 21 runs per variant) ====
Case L serial    run  1: 5166.1 ms
Case L serial    run  2: 4814.78 ms
Case L serial    run  3: 5213.4 ms
Case L serial    run  4: 5218.13 ms
Case L serial    run  5: 5041.24 ms
Case L serial    run  6: 5189.69 ms
Case L serial    run  7: 5255.26 ms
Case L serial    run  8: 5217.33 ms
Case L serial    run  9: 5023.21 ms
Case L serial    run 10: 5182.4 ms
Case L serial    run 11: 5053.25 ms
Case L serial    run 12: 5047.55 ms
Case L serial    run 13: 4749.92 ms
Case L serial    run 14: 5080.38 ms
Case L serial    run 15: 5082.31 ms
Case L serial    run 16: 5199.93 ms
Case L serial    run 17: 5209.87 ms
Case L serial    run 18: 5061.6 ms
Case L serial    run 19: 5153.7 ms
Case L serial    run 20: 5217.67 ms
Case L serial    run 21: 5016.47 ms
Case L mpi_np1   run  1: 512.481 ms
Case L mpi_np1   run  2: 518.1 ms
Case L mpi_np1   run  3: 518.05 ms
Case L mpi_np1   run  4: 518.193 ms
Case L mpi_np1   run  5: 516.315 ms
Case L mpi_np1   run  6: 514.854 ms
Case L mpi_np1   run  7: 516.988 ms
Case L mpi_np1   run  8: 515.854 ms
Case L mpi_np1   run  9: 515.305 ms
Case L mpi_np1   run 10: 516.707 ms
Case L mpi_np1   run 11: 516.126 ms
Case L mpi_np1   run 12: 516.487 ms
Case L mpi_np1   run 13: 517.013 ms
Case L mpi_np1   run 14: 516.131 ms
Case L mpi_np1   run 15: 516.8 ms
Case L mpi_np1   run 16: 513.102 ms
Case L mpi_np1   run 17: 516.362 ms
Case L mpi_np1   run 18: 514.389 ms
Case L mpi_np1   run 19: 516.276 ms
Case L mpi_np1   run 20: 516.313 ms
Case L mpi_np1   run 21: 504.295 ms
Case L mpi_np2   run  1: 254.638 ms
Case L mpi_np2   run  2: 275.258 ms
Case L mpi_np2   run  3: 262.177 ms
Case L mpi_np2   run  4: 260.68 ms
Case L mpi_np2   run  5: 259.252 ms
Case L mpi_np2   run  6: 259.495 ms
Case L mpi_np2   run  7: 257.857 ms
Case L mpi_np2   run  8: 259.313 ms
Case L mpi_np2   run  9: 261.732 ms
Case L mpi_np2   run 10: 262.24 ms
Case L mpi_np2   run 11: 261.706 ms
Case L mpi_np2   run 12: 261.786 ms
Case L mpi_np2   run 13: 277.077 ms
Case L mpi_np2   run 14: 277.514 ms
Case L mpi_np2   run 15: 262.957 ms
Case L mpi_np2   run 16: 262.491 ms
Case L mpi_np2   run 17: 262.422 ms
Case L mpi_np2   run 18: 261.923 ms
Case L mpi_np2   run 19: 262.339 ms
Case L mpi_np2   run 20: 279.254 ms
Case L mpi_np2   run 21: 262.744 ms
Case L mpi_np4   run  1: 161.281 ms
Case L mpi_np4   run  2: 144.437 ms
Case L mpi_np4   run  3: 129.482 ms
Case L mpi_np4   run  4: 130.103 ms
Case L mpi_np4   run  5: 131.759 ms
Case L mpi_np4   run  6: 129.076 ms
Case L mpi_np4   run  7: 156.835 ms
Case L mpi_np4   run  8: 130.163 ms
Case L mpi_np4   run  9: 131.426 ms
Case L mpi_np4   run 10: 142.906 ms
Case L mpi_np4   run 11: 134.311 ms
Case L mpi_np4   run 12: 157.386 ms
Case L mpi_np4   run 13: 142.312 ms
Case L mpi_np4   run 14: 129.026 ms
Case L mpi_np4   run 15: 133.866 ms
Case L mpi_np4   run 16: 126.478 ms
Case L mpi_np4   run 17: 146.712 ms
Case L mpi_np4   run 18: 139.839 ms
Case L mpi_np4   run 19: 149.731 ms
Case L mpi_np4   run 20: 141.654 ms
Case L mpi_np4   run 21: 147.018 ms
Case L mpi_np8   run  1: 85.7047 ms
Case L mpi_np8   run  2: 95.3215 ms
Case L mpi_np8   run  3: 103.499 ms
Case L mpi_np8   run  4: 75.7579 ms
Case L mpi_np8   run  5: 104.463 ms
Case L mpi_np8   run  6: 105.347 ms
Case L mpi_np8   run  7: 83.6406 ms
Case L mpi_np8   run  8: 97.2858 ms
Case L mpi_np8   run  9: 91.0751 ms
Case L mpi_np8   run 10: 99.9445 ms
Case L mpi_np8   run 11: 90.4906 ms
Case L mpi_np8   run 12: 97.4423 ms
Case L mpi_np8   run 13: 88.8068 ms
Case L mpi_np8   run 14: 76.2172 ms
Case L mpi_np8   run 15: 107.878 ms
Case L mpi_np8   run 16: 102.203 ms
Case L mpi_np8   run 17: 78.1299 ms
Case L mpi_np8   run 18: 76.8154 ms
Case L mpi_np8   run 19: 81.571 ms
Case L mpi_np8   run 20: 77.0393 ms
Case L mpi_np8   run 21: 98.4833 ms
Case L mpi_np16  run  1: 65.3722 ms
Case L mpi_np16  run  2: 55.9357 ms
Case L mpi_np16  run  3: 64.512 ms
Case L mpi_np16  run  4: 63.5941 ms
Case L mpi_np16  run  5: 64.9711 ms
Case L mpi_np16  run  6: 53.4491 ms
Case L mpi_np16  run  7: 62.6439 ms
Case L mpi_np16  run  8: 56.5024 ms
Case L mpi_np16  run  9: 55.4328 ms
Case L mpi_np16  run 10: 57.1261 ms
Case L mpi_np16  run 11: 62.5856 ms
Case L mpi_np16  run 12: 61.7342 ms
Case L mpi_np16  run 13: 62.4902 ms
Case L mpi_np16  run 14: 63.6815 ms
Case L mpi_np16  run 15: 62.7716 ms
Case L mpi_np16  run 16: 64.712 ms
Case L mpi_np16  run 17: 51.7548 ms
Case L mpi_np16  run 18: 65.8356 ms
Case L mpi_np16  run 19: 61.7239 ms
Case L mpi_np16  run 20: 68.7334 ms
Case L mpi_np16  run 21: 64.2474 ms
Case L cuda      run  1: 3.8871 ms
Case L cuda      run  2: 3.90435 ms
Case L cuda      run  3: 3.87562 ms
Case L cuda      run  4: 3.9175 ms
Case L cuda      run  5: 3.86836 ms
Case L cuda      run  6: 3.8923 ms
Case L cuda      run  7: 3.88372 ms
Case L cuda      run  8: 3.90454 ms
Case L cuda      run  9: 3.86928 ms
Case L cuda      run 10: 3.91923 ms
Case L cuda      run 11: 3.89343 ms
Case L cuda      run 12: 3.89747 ms
Case L cuda      run 13: 3.92286 ms
Case L cuda      run 14: 3.89091 ms
Case L cuda      run 15: 3.8696 ms
Case L cuda      run 16: 3.86436 ms
Case L cuda      run 17: 3.88654 ms
Case L cuda      run 18: 3.90003 ms
Case L cuda      run 19: 3.91839 ms
Case L cuda      run 20: 3.89207 ms
Case L cuda      run 21: 3.8775 ms

==== Case L summary ====
Case L serial: median=5153.7 ms, speedup=1.00x
Case L mpi_np1: median=516.313 ms, speedup=9.98x
Case L mpi_np2: median=262.177 ms, speedup=19.66x
Case L mpi_np4: median=139.839 ms, speedup=36.85x
Case L mpi_np8: median=91.0751 ms, speedup=56.59x
Case L mpi_np16: median=62.6439 ms, speedup=82.27x
Case L cuda: median=3.89207 ms, speedup=1324.15x
Done!
